
Allocating common symbols
Common symbol       size              file

netbufpool          0x4               binaries/net.o
readylist           0x2               binaries/ready.o
rfltab              0x5a0             binaries/rflinit.o
netportseed         0x4               binaries/net.o
sleepq              0x2               binaries/clkinit.o
nnames              0x4               binaries/naminit.o
udptab              0x168             binaries/udp.o
minheap             0x4               binaries/meminit.o
marks               0x50              binaries/mark.o
currpid             0x4               binaries/initialize.o
Lf_data             0x20c             binaries/lfsinit.o
porttab             0x2d0             binaries/ptinit.o
girmask             0x2               binaries/evec.o
ttytab              0x110             binaries/ttyinit.o
proctab             0x15e0            binaries/initialize.o
prcount             0x4               binaries/initialize.o
int_actions         0x140             binaries/evec.o
lfltab              0xf00             binaries/lflinit.o
rdstab              0x7c              binaries/rdsinit.o
ethertab            0x138             binaries/ethinit.o
NetData             0xb0              binaries/net.o
nmarks              0x4               binaries/mark.o
Defer               0x8               binaries/resched.o
semtab              0x4b0             binaries/initialize.o
maxheap             0x4               binaries/meminit.o
preempt             0x4               binaries/clkinit.o
buftab              0xf0              binaries/bufinit.o
Rf_data             0x18              binaries/rfsinit.o
mkmutex             0x4               binaries/mark.o
count1000           0x4               binaries/clkinit.o
clktime             0x4               binaries/clkinit.o
arpcache            0x140             binaries/arp.o
icmptab             0x230             binaries/icmp.o
nbpools             0x4               binaries/bufinit.o
queuetab            0x980             binaries/queue.o
ptnextid            0x4               binaries/ptinit.o
Ram                 0x19000           binaries/raminit.o
ipoqueue            0x2c              binaries/ip.o
memlist             0x8               binaries/initialize.o
nametab             0x5200            binaries/naminit.o
ptfree              0x4               binaries/ptinit.o

Memory Configuration

Name             Origin             Length             Attributes
*default*        0x0000000000000000 0xffffffffffffffff

Linker script and memory map

                0x0000000000100000                physbase = 0x100000
                0x0000000000100000                . = physbase
                0x0000000000100000                . = ALIGN (0x1000)

.text           0x0000000000100000    0x1c000
                0x0000000000100000                text = ABSOLUTE (.)
 *(.text .text.*)
 .text          0x0000000000100000      0x1b4 binaries/start.o
                0x0000000000100024                start
                0x00000000001000f6                inb
                0x00000000001000fe                inw
                0x0000000000100107                inl
                0x000000000010010f                outb
                0x0000000000100119                outw
                0x0000000000100124                outl
                0x000000000010012e                _rtcin
                0x0000000000100139                ___udivsi3
                0x0000000000100144                ___divsi3
                0x0000000000100150                sbzero
                0x0000000000100160                insw
                0x0000000000100176                outsw
                0x000000000010018c                bcopy
                0x00000000001001a0                lidt
                0x00000000001001a8                cpuid
 .text          0x00000000001001b4      0x405 binaries/ascdate.o
                0x00000000001001b4                ascdate
 .text          0x00000000001005b9       0x14 binaries/bufinit.o
                0x00000000001005b9                bufinit
 .text          0x00000000001005cd       0x8d binaries/chprio.o
                0x00000000001005cd                chprio
 .text          0x000000000010065a       0xc1 binaries/clkhandler.o
                0x000000000010065a                clkhandler
 .text          0x000000000010071b       0xf9 binaries/clkinit.o
                0x000000000010071b                clkinit
 .text          0x0000000000100814       0x6a binaries/close.o
                0x0000000000100814                close
 .text          0x000000000010087e        0x0 binaries/conf.o
 .text          0x000000000010087e       0x7f binaries/control.o
                0x000000000010087e                control
 .text          0x00000000001008fd      0x2b4 binaries/create.o
                0x00000000001008fd                create
 .text          0x0000000000100bb1      0x35f binaries/early_imr.o
                0x0000000000100bb1                intel_cln_early_sb_read_reg
                0x0000000000100c35                intel_cln_early_sb_write_reg
                0x0000000000100e4d                remove_irm_protections
 .text          0x0000000000100f10      0x603 binaries/evec.o
                0x0000000000100f10                initevec
                0x0000000000101084                set_evec
                0x00000000001010f1                set_ivec
                0x0000000000101187                ioapic_irq2vec
                0x00000000001011c8                int_dispatch
                0x000000000010125a                _8259_setirmask
                0x00000000001012b4                trap
 .text          0x0000000000101513       0x15 binaries/exit.o
                0x0000000000101513                exit
 .text          0x0000000000101528       0x82 binaries/freebuf.o
                0x0000000000101528                freebuf
 .text          0x00000000001015aa      0x167 binaries/freemem.o
                0x00000000001015aa                freemem
 .text          0x0000000000101711       0x80 binaries/getbuf.o
                0x0000000000101711                getbuf
 .text          0x0000000000101791       0x6a binaries/getc.o
                0x0000000000101791                getc
 .text          0x00000000001017fb       0x72 binaries/getdev.o
                0x00000000001017fb                getdev
 .text          0x000000000010186d       0xc8 binaries/getitem.o
                0x000000000010186d                getfirst
                0x00000000001018ae                getlast
                0x00000000001018f1                getitem
 .text          0x0000000000101935       0xfb binaries/getmem.o
                0x0000000000101935                getmem
 .text          0x0000000000101a30        0xa binaries/getpid.o
                0x0000000000101a30                getpid
 .text          0x0000000000101a3a       0x75 binaries/getprio.o
                0x0000000000101a3a                getprio
 .text          0x0000000000101aaf       0xf2 binaries/getstk.o
                0x0000000000101aaf                getstk
 .text          0x0000000000101ba1       0x16 binaries/getticks.o
                0x0000000000101ba1                getticks
 .text          0x0000000000101bb7       0x36 binaries/gettime.o
                0x0000000000101bb7                gettime
 .text          0x0000000000101bed      0x1f9 binaries/getutime.o
                0x0000000000101bed                getutime
 .text          0x0000000000101de6       0x6a binaries/init.o
                0x0000000000101de6                init
 .text          0x0000000000101e50      0x3ee binaries/initialize.o
                0x0000000000101e50                nulluser
                0x00000000001021e9                stop
                0x0000000000102210                delay
 .text          0x000000000010223e       0xdd binaries/insert.o
                0x000000000010223e                insert
 .text          0x000000000010231b      0x10f binaries/insertd.o
                0x000000000010231b                insertd
 .text          0x000000000010242a        0xa binaries/ioerr.o
                0x000000000010242a                ioerr
 .text          0x0000000000102434        0xa binaries/ionull.o
                0x0000000000102434                ionull
 .text          0x000000000010243e      0x188 binaries/kill.o
                0x000000000010243e                kill
 .text          0x00000000001025c6      0x12f binaries/kprintf.o
                0x00000000001025c6                kputc
                0x000000000010264b                kgetc
                0x00000000001026c8                kprintf
 .text          0x00000000001026f5       0xcd binaries/main.o
                0x00000000001026f5                main
 .text          0x00000000001027c2       0xac binaries/mark.o
                0x00000000001027c2                markinit
                0x00000000001027e5                mark
 .text          0x000000000010286e      0x2ca binaries/meminit.o
                0x000000000010286e                meminit
                0x0000000000102a90                setsegs
 .text          0x0000000000102b38      0x15f binaries/mkbufpool.o
                0x0000000000102b38                mkbufpool
 .text          0x0000000000102c97       0x94 binaries/newqueue.o
                0x0000000000102c97                newqueue
 .text          0x0000000000102d2b       0x78 binaries/open.o
                0x0000000000102d2b                open
 .text          0x0000000000102da3       0x20 binaries/panic.o
                0x0000000000102da3                panic
 .text          0x0000000000102dc3      0x608 binaries/pci.o
                0x0000000000102dc3                pci_init
                0x0000000000102e4d                find_pci_device
                0x0000000000102f4c                pci_read_config_byte
                0x0000000000102fb8                pci_read_config_word
                0x0000000000103026                pci_read_config_dword
                0x0000000000103092                pci_write_config_byte
                0x0000000000103102                pci_write_config_word
                0x0000000000103174                pci_write_config_dword
                0x00000000001031de                pci_get_dev_mmio_base_addr
                0x000000000010324e                pci_set_ivec
 .text          0x00000000001033cb       0xdd binaries/platinit.o
                0x00000000001033cb                cpu_is_quark
                0x00000000001033e8                console_init
                0x000000000010343b                platinit
 .text          0x00000000001034a8       0xe6 binaries/ptclear.o
                0x00000000001034a8                _ptclear
 .text          0x000000000010358e       0x8f binaries/ptcount.o
                0x000000000010358e                ptcount
 .text          0x000000000010361d      0x105 binaries/ptcreate.o
                0x000000000010361d                ptcreate
 .text          0x0000000000103722       0x80 binaries/ptdelete.o
                0x0000000000103722                ptdelete
 .text          0x00000000001037a2       0xb7 binaries/ptinit.o
                0x00000000001037a2                ptinit
 .text          0x0000000000103859      0x10a binaries/ptrecv.o
                0x0000000000103859                ptrecv
 .text          0x0000000000103963       0x78 binaries/ptreset.o
                0x0000000000103963                ptreset
 .text          0x00000000001039db      0x128 binaries/ptsend.o
                0x00000000001039db                ptsend
 .text          0x0000000000103b03       0x78 binaries/putc.o
                0x0000000000103b03                putc
 .text          0x0000000000103b7b       0xdf binaries/quark_irq.o
                0x0000000000103b7b                quark_irq_routing
 .text          0x0000000000103c5a      0x206 binaries/quark_pdat.o
                0x0000000000103c5a                get_quark_pdat_entry_data_by_id
                0x0000000000103d56                get_quark_pdat_entry_data_by_desc
 .text          0x0000000000103e60      0x10c binaries/queue.o
                0x0000000000103e60                enqueue
                0x0000000000103f03                dequeue
 .text          0x0000000000103f6c       0x78 binaries/read.o
                0x0000000000103f6c                read
 .text          0x0000000000103fe4       0x81 binaries/ready.o
                0x0000000000103fe4                ready
 .text          0x0000000000104065       0x5f binaries/receive.o
                0x0000000000104065                receive
 .text          0x00000000001040c4       0x5b binaries/recvclr.o
                0x00000000001040c4                recvclr
 .text          0x000000000010411f       0xba binaries/recvtime.o
                0x000000000010411f                recvtime
 .text          0x00000000001041d9      0x169 binaries/resched.o
                0x00000000001041d9                resched
                0x00000000001042cd                resched_cntl
 .text          0x0000000000104342       0xa4 binaries/resume.o
                0x0000000000104342                resume
 .text          0x00000000001043e6       0x71 binaries/seek.o
                0x00000000001043e6                seek
 .text          0x0000000000104457       0x69 binaries/semcount.o
                0x0000000000104457                semcount
 .text          0x00000000001044c0       0xcf binaries/semcreate.o
                0x00000000001044c0                semcreate
 .text          0x000000000010458f       0xba binaries/semdelete.o
                0x000000000010458f                semdelete
 .text          0x0000000000104649       0xbc binaries/semreset.o
                0x0000000000104649                semreset
 .text          0x0000000000104705       0xda binaries/send.o
                0x0000000000104705                send
 .text          0x00000000001047df       0x97 binaries/signal.o
                0x00000000001047df                signal
 .text          0x0000000000104876       0xc3 binaries/signaln.o
                0x0000000000104876                signaln
 .text          0x0000000000104939       0xe5 binaries/sleep.o
                0x0000000000104939                sleep
                0x0000000000104983                sleepms
 .text          0x0000000000104a1e      0x1b1 binaries/stacktrace.o
                0x0000000000104a1e                stacktrace
 .text          0x0000000000104bcf       0xda binaries/suspend.o
                0x0000000000104bcf                suspend
 .text          0x0000000000104ca9       0xdc binaries/unsleep.o
                0x0000000000104ca9                unsleep
 .text          0x0000000000104d85       0x15 binaries/userret.o
                0x0000000000104d85                userret
 .text          0x0000000000104d9a       0xd3 binaries/wait.o
                0x0000000000104d9a                wait
 .text          0x0000000000104e6d       0x68 binaries/wakeup.o
                0x0000000000104e6d                wakeup
 .text          0x0000000000104ed5       0x78 binaries/write.o
                0x0000000000104ed5                write
 .text          0x0000000000104f4d       0x19 binaries/xdone.o
                0x0000000000104f4d                xdone
 .text          0x0000000000104f66       0x25 binaries/yield.o
                0x0000000000104f66                yield
 .text          0x0000000000104f8b       0x11 binaries/abs.o
                0x0000000000104f8b                abs
 .text          0x0000000000104f9c       0x8f binaries/atoi.o
                0x0000000000104f9c                atoi
 .text          0x000000000010502b       0x8f binaries/atol.o
                0x000000000010502b                atol
 .text          0x00000000001050ba       0x31 binaries/bzero.o
                0x00000000001050ba                bzero
 .text          0x00000000001050eb        0x0 binaries/ctype_.o
 .text          0x00000000001050eb      0x8f8 binaries/doprnt.o
                0x00000000001050eb                _doprnt
 .text          0x00000000001059e3      0x6a2 binaries/doscan.o
                0x00000000001059e3                _doscan
 .text          0x0000000000106085      0x723 binaries/fdoprnt.o
                0x0000000000106085                _fdoprnt
 .text          0x00000000001067a8       0x26 binaries/fgetc.o
                0x00000000001067a8                fgetc
 .text          0x00000000001067ce       0x72 binaries/fgets.o
                0x00000000001067ce                fgets
 .text          0x0000000000106840       0x34 binaries/fprintf.o
                0x0000000000106840                fprintf
 .text          0x0000000000106874       0x2c binaries/fputc.o
                0x0000000000106874                fputc
 .text          0x00000000001068a0       0x43 binaries/fputs.o
                0x00000000001068a0                fputs
 .text          0x00000000001068e3       0x92 binaries/fscanf.o
                0x00000000001068e3                fscanf
 .text          0x0000000000106975       0x2c binaries/getchar.o
                0x0000000000106975                getchar
 .text          0x00000000001069a1       0x11 binaries/labs.o
                0x00000000001069a1                labs
 .text          0x00000000001069b2       0x51 binaries/memcmp.o
                0x00000000001069b2                memcmp
 .text          0x0000000000106a03       0x26 binaries/memcpy.o
                0x0000000000106a03                memcpy
 .text          0x0000000000106a29       0x30 binaries/memset.o
                0x0000000000106a29                memset
 .text          0x0000000000106a59       0x4f binaries/printf.o
                0x0000000000106a59                printf
 .text          0x0000000000106aa8       0x33 binaries/putchar.o
                0x0000000000106aa8                putchar
 .text          0x0000000000106adb      0x28c binaries/qsort.o
                0x0000000000106adb                qsort
 .text          0x0000000000106d67       0x5f binaries/rand.o
                0x0000000000106d67                rand
                0x0000000000106d7b                rand_r
                0x0000000000106db9                srand
 .text          0x0000000000106dc6       0x6f binaries/sprintf.o
                0x0000000000106dc6                sprintf
 .text          0x0000000000106e35       0x7f binaries/sscanf.o
                0x0000000000106e35                sscanf
 .text          0x0000000000106eb4       0x3c binaries/strchr.o
                0x0000000000106eb4                strchr
 .text          0x0000000000106ef0       0x45 binaries/strcmp.o
                0x0000000000106ef0                strcmp
 .text          0x0000000000106f35       0x27 binaries/strcpy.o
                0x0000000000106f35                strcpy
 .text          0x0000000000106f5c       0x26 binaries/strlen.o
                0x0000000000106f5c                strlen
 .text          0x0000000000106f82       0x56 binaries/strncat.o
                0x0000000000106f82                strncat
 .text          0x0000000000106fd8       0x5e binaries/strncmp.o
                0x0000000000106fd8                strncmp
 .text          0x0000000000107036       0x4f binaries/strncpy.o
                0x0000000000107036                strncpy
 .text          0x0000000000107085       0x2e binaries/strnlen.o
                0x0000000000107085                strnlen
 .text          0x00000000001070b3       0x45 binaries/strrchr.o
                0x00000000001070b3                strrchr
 .text          0x00000000001070f8       0x6d binaries/strstr.o
                0x00000000001070f8                strstr
 .text          0x0000000000107165       0xd8 binaries/ttycontrol.o
                0x0000000000107165                ttycontrol
 .text          0x000000000010723d       0x93 binaries/ttygetc.o
                0x000000000010723d                ttygetc
 .text          0x00000000001072d0      0x750 binaries/ttyhandle_in.o
                0x00000000001072d0                ttyhandle_in
 .text          0x0000000000107a20      0x17b binaries/ttyhandle_out.o
                0x0000000000107a20                ttyhandle_out
 .text          0x0000000000107b9b       0xb5 binaries/ttyhandler.o
                0x0000000000107b9b                ttyhandler
 .text          0x0000000000107c50      0x212 binaries/ttyinit.o
                0x0000000000107c50                ttyinit
 .text          0x0000000000107e62       0x10 binaries/ttykickout.o
                0x0000000000107e62                ttykickout
 .text          0x0000000000107e72       0xb2 binaries/ttyputc.o
                0x0000000000107e72                ttyputc
 .text          0x0000000000107f24      0x10f binaries/ttyread.o
                0x0000000000107f24                ttyread
 .text          0x0000000000108033       0x4f binaries/ttywrite.o
                0x0000000000108033                ttywrite
 .text          0x0000000000108082      0x16a binaries/mount.o
                0x0000000000108082                mount
                0x00000000001081b6                namlen
 .text          0x00000000001081ec      0x229 binaries/naminit.o
                0x00000000001081ec                naminit
 .text          0x0000000000108415      0x216 binaries/nammap.o
                0x0000000000108415                nammap
                0x00000000001084a6                namrepl
                0x00000000001085db                namcpy
 .text          0x000000000010862b       0x55 binaries/namopen.o
                0x000000000010862b                namopen
 .text          0x0000000000108680       0x95 binaries/ethcontrol.o
                0x0000000000108680                ethcontrol
 .text          0x0000000000108715      0x1b4 binaries/ethhandler.o
                0x0000000000108715                ethhandler
 .text          0x00000000001088c9      0x77d binaries/ethinit.o
                0x00000000001088c9                eth_phy_read
                0x0000000000108933                eth_phy_write
                0x00000000001089a7                eth_phy_reset
                0x0000000000108b0f                ethinit
 .text          0x0000000000109046      0x199 binaries/ethmcast.o
                0x0000000000109046                ethmcast_add
                0x00000000001090c8                ethmcast_remove
 .text          0x00000000001091df      0x220 binaries/ethread.o
                0x00000000001091df                ethread
 .text          0x00000000001093ff       0xef binaries/ethwrite.o
                0x00000000001093ff                ethwrite
 .text          0x00000000001094ee      0x2c1 binaries/rdscomm.o
                0x00000000001094ee                rdscomm
 .text          0x00000000001097af      0x21b binaries/rdscontrol.o
                0x00000000001097af                rdscontrol
 .text          0x00000000001099ca       0x4e binaries/rdsinit.o
                0x00000000001099ca                rdsinit
 .text          0x0000000000109a18      0x385 binaries/rdsopen.o
                0x0000000000109a18                rdsopen
 .text          0x0000000000109d9d      0x40d binaries/rdsprocess.o
                0x0000000000109d9d                rdsprocess
 .text          0x000000000010a1aa      0x5b2 binaries/rdsqfcns.o
                0x000000000010a1aa                rdqunlink
                0x000000000010a24c                rdqinsert
                0x000000000010a2a1                rdcunlink
                0x000000000010a34b                rdcinsert
                0x000000000010a42c                edqdump
                0x000000000010a5e8                edcdump
 .text          0x000000000010a75c      0x1d7 binaries/rdsread.o
                0x000000000010a75c                rdsread
 .text          0x000000000010a933       0x5a binaries/rdssetprio.o
                0x000000000010a933                rdssetprio
 .text          0x000000000010a98d      0x117 binaries/rdswrite.o
                0x000000000010a98d                rdswrite
 .text          0x000000000010aaa4        0xa binaries/ramclose.o
                0x000000000010aaa4                ramclose
 .text          0x000000000010aaae       0x45 binaries/raminit.o
                0x000000000010aaae                raminit
 .text          0x000000000010aaf3        0xa binaries/ramopen.o
                0x000000000010aaf3                ramopen
 .text          0x000000000010aafd       0x35 binaries/ramread.o
                0x000000000010aafd                ramread
 .text          0x000000000010ab32       0x36 binaries/ramwrite.o
                0x000000000010ab32                ramwrite
 .text          0x000000000010ab68       0x9e binaries/lfdballoc.o
                0x000000000010ab68                lfdballoc
 .text          0x000000000010ac06       0x62 binaries/lfdbfree.o
                0x000000000010ac06                lfdbfree
 .text          0x000000000010ac68       0xbf binaries/lfflush.o
                0x000000000010ac68                lfflush
 .text          0x000000000010ad27       0xd8 binaries/lfgetmode.o
                0x000000000010ad27                lfgetmode
 .text          0x000000000010adff       0x6c binaries/lfiballoc.o
                0x000000000010adff                lfiballoc
 .text          0x000000000010ae6b       0x3b binaries/lfibclear.o
                0x000000000010ae6b                lfibclear
 .text          0x000000000010aea6       0xae binaries/lfibget.o
                0x000000000010aea6                lfibget
 .text          0x000000000010af54       0xe0 binaries/lfibput.o
                0x000000000010af54                lfibput
 .text          0x000000000010b034       0x93 binaries/lflclose.o
                0x000000000010b034                lflclose
 .text          0x000000000010b0c7       0xb5 binaries/lflcontrol.o
                0x000000000010b0c7                lflcontrol
 .text          0x000000000010b17c       0xdf binaries/lflgetc.o
                0x000000000010b17c                lflgetc
 .text          0x000000000010b25b       0xfb binaries/lflinit.o
                0x000000000010b25b                lflinit
 .text          0x000000000010b356      0x10f binaries/lflputc.o
                0x000000000010b356                lflputc
 .text          0x000000000010b465       0x6d binaries/lflread.o
                0x000000000010b465                lflread
 .text          0x000000000010b4d2       0x9c binaries/lflseek.o
                0x000000000010b4d2                lflseek
 .text          0x000000000010b56e       0x55 binaries/lflwrite.o
                0x000000000010b56e                lflwrite
 .text          0x000000000010b5c3       0x62 binaries/lfscheck.o
                0x000000000010b5c3                lfscheck
 .text          0x000000000010b625      0x176 binaries/lfsckfmt.o
                0x000000000010b625                lfsckfmt
 .text          0x000000000010b79b      0x221 binaries/lfscreate.o
                0x000000000010b79b                lfscreate
 .text          0x000000000010b9bc      0x282 binaries/lfsetup.o
                0x000000000010b9bc                lfsetup
 .text          0x000000000010bc3e       0x55 binaries/lfsinit.o
                0x000000000010bc3e                lfsinit
 .text          0x000000000010bc93      0x3cb binaries/lfsopen.o
                0x000000000010bc93                lfsopen
 .text          0x000000000010c05e      0x161 binaries/lftruncate.o
                0x000000000010c05e                lftruncate
 .text          0x000000000010c1bf      0x1a5 binaries/rflclose.o
                0x000000000010c1bf                rflclose
 .text          0x000000000010c364       0x5d binaries/rflgetc.o
                0x000000000010c364                rflgetc
 .text          0x000000000010c3c1       0x76 binaries/rflinit.o
                0x000000000010c3c1                rflinit
 .text          0x000000000010c437       0x39 binaries/rflputc.o
                0x000000000010c437                rflputc
 .text          0x000000000010c470      0x386 binaries/rflread.o
                0x000000000010c470                rflread
 .text          0x000000000010c7f6       0x68 binaries/rflseek.o
                0x000000000010c7f6                rflseek
 .text          0x000000000010c85e      0x336 binaries/rflwrite.o
                0x000000000010c85e                rflwrite
 .text          0x000000000010cb94      0x22f binaries/rfscomm.o
                0x000000000010cb94                rfscomm
 .text          0x000000000010cdc3      0x258 binaries/rfscontrol.o
                0x000000000010cdc3                rfscontrol
 .text          0x000000000010d01b       0xd8 binaries/rfsgetmode.o
                0x000000000010d01b                rfsgetmode
 .text          0x000000000010d0f3       0x61 binaries/rfsinit.o
                0x000000000010d0f3                rfsinit
 .text          0x000000000010d154      0x128 binaries/rfsndmsg.o
                0x000000000010d154                rfsndmsg
 .text          0x000000000010d27c      0x28d binaries/rfsopen.o
                0x000000000010d27c                rfsopen
 .text          0x000000000010d509      0x855 binaries/arp.o
                0x000000000010d509                arp_init
                0x000000000010d53b                arp_resolve
                0x000000000010d808                arp_in
                0x000000000010daba                arp_alloc
                0x000000000010db86                arp_ntoh
                0x000000000010dc72                arp_hton
 .text          0x000000000010dd5e      0x947 binaries/dhcp.o
                0x000000000010dd5e                dhcp_get_opt_val
                0x000000000010ddb7                dhcp_bld_bootp_msg
                0x000000000010dee1                dhcp_bld_disc
                0x000000000010dfc7                dhcp_bld_req
                0x000000000010e144                getlocalip
 .text          0x000000000010e6a5      0x6e3 binaries/dns.o
                0x000000000010e6a5                dnslookup
 .text          0x000000000010ed88       0xe0 binaries/dot2ip.o
                0x000000000010ed88                dot2ip
 .text          0x000000000010ee68      0x468 binaries/hexdump.o
                0x000000000010ee68                hexdump
                0x000000000010efeb                hexadump
 .text          0x000000000010f2d0      0x8c4 binaries/icmp.o
                0x000000000010f2d0                icmp_init
                0x000000000010f306                icmp_in
                0x000000000010f50e                icmp_register
                0x000000000010f600                icmp_recv
                0x000000000010f779                icmp_send
                0x000000000010f80e                icmp_mkpkt
                0x000000000010f929                icmp_release
                0x000000000010fa19                icmp_cksum
                0x000000000010faac                icmp_hton
                0x000000000010fb20                icmp_ntoh
 .text          0x000000000010fb94      0x81d binaries/ip.o
                0x000000000010fb94                ip_in
                0x000000000010fce0                ip_send
                0x000000000010fe22                ip_local
                0x000000000010fe65                ip_out
                0x000000000010ff92                ipcksum
                0x0000000000110018                ip_ntoh
                0x0000000000110104                ip_hton
                0x00000000001101f0                ipout
                0x0000000000110312                ip_enqueue
 .text          0x00000000001103b1      0x2e3 binaries/net.o
                0x00000000001103b1                net_init
                0x0000000000110503                netin
                0x00000000001105af                eth_hton
                0x00000000001105d9                eth_ntoh
                0x0000000000110603                getport
 .text          0x0000000000110694     0x1539 binaries/pdump.o
                0x0000000000110694                pdump
                0x00000000001114b0                pdumph
 .text          0x0000000000111bcd      0x4fd binaries/tftp.o
                0x0000000000111bcd                tftp_send1
                0x0000000000111d5d                tftpget
 .text          0x00000000001120ca      0xb08 binaries/udp.o
                0x00000000001120ca                udp_init
                0x00000000001120fe                udp_in
                0x0000000000112239                udp_register
                0x000000000011236d                udp_recv
                0x00000000001124f3                udp_recvaddr
                0x0000000000112691                udp_send
                0x0000000000112860                udp_sendto
                0x00000000001129fb                udp_release
                0x0000000000112ae8                udp_ntoh
                0x0000000000112b5d                udp_hton
 .text          0x0000000000112bd2      0x137 binaries/addargs.o
                0x0000000000112bd2                addargs
 .text          0x0000000000112d09      0x2c9 binaries/lexan.o
                0x0000000000112d09                lexan
 .text          0x0000000000112fd2      0x6ed binaries/shell.o
                0x0000000000112fd2                shell
 .text          0x00000000001136bf       0x68 binaries/xsh_argecho.o
                0x00000000001136bf                xsh_argecho
 .text          0x0000000000113727      0x23a binaries/xsh_arp.o
                0x0000000000113727                xsh_arp
 .text          0x0000000000113961      0x251 binaries/xsh_cat.o
                0x0000000000113961                xsh_cat
 .text          0x0000000000113bb2       0x5b binaries/xsh_clear.o
                0x0000000000113bb2                xsh_clear
 .text          0x0000000000113c0d      0x2ea binaries/xsh_date.o
                0x0000000000113c0d                xsh_date
 .text          0x0000000000113ef7       0xad binaries/xsh_devdump.o
                0x0000000000113ef7                xsh_devdump
 .text          0x0000000000113fa4       0x6c binaries/xsh_echo.o
                0x0000000000113fa4                xsh_echo
 .text          0x0000000000114010        0xa binaries/xsh_exit.o
                0x0000000000114010                xsh_exit
 .text          0x000000000011401a      0x36c binaries/xsh_help.o
                0x000000000011401a                xsh_help
 .text          0x0000000000114386      0x23c binaries/xsh_kill.o
                0x0000000000114386                xsh_kill
 .text          0x00000000001145c2      0x545 binaries/xsh_ls.o
                0x00000000001145c2                xsh_ls
 .text          0x0000000000114b07      0x516 binaries/xsh_memdump.o
                0x0000000000114b07                xsh_memdump
 .text          0x000000000011501d      0x29b binaries/xsh_memstat.o
                0x000000000011501d                xsh_memstat
 .text          0x00000000001152b8      0x5b6 binaries/xsh_netinfo.o
                0x00000000001152b8                xsh_netinfo
 .text          0x000000000011586e      0x5f8 binaries/xsh_ns.o
                0x000000000011586e                xsh_ns
 .text          0x0000000000115e66      0x3d7 binaries/xsh_ping.o
                0x0000000000115e66                xsh_ping
 .text          0x000000000011623d      0x260 binaries/xsh_ps.o
                0x000000000011623d                xsh_ps
 .text          0x000000000011649d      0x219 binaries/xsh_sleep.o
                0x000000000011649d                xsh_sleep
 .text          0x00000000001166b6      0x2b6 binaries/xsh_udpdump.o
                0x00000000001166b6                xsh_udpdump
 .text          0x000000000011696c      0x590 binaries/xsh_udpecho.o
                0x000000000011696c                xsh_udpecho
 .text          0x0000000000116efc      0x2d5 binaries/xsh_udpserver.o
                0x0000000000116efc                xsh_udpeserver
 .text          0x00000000001171d1      0x1e1 binaries/xsh_uptime.o
                0x00000000001171d1                xsh_uptime
 .text          0x00000000001173b2        0xe binaries/clkdisp.o
                0x00000000001173b2                clkdisp
 .text          0x00000000001173c0       0x19 binaries/ctxsw.o
                0x00000000001173c0                ctxsw
 .text          0x00000000001173d9      0x30a binaries/intr.o
                0x00000000001173d9                disable
                0x00000000001173e2                restore
                0x00000000001173f0                enable
                0x00000000001173f2                pause
                0x00000000001173f9                halt
                0x00000000001173fc                spurious_irq7
                0x0000000000117401                spurious_irq15
                0x0000000000117410                _Xint0
                0x0000000000117418                _Xint1
                0x0000000000117420                _Xint2
                0x0000000000117428                _Xint3
                0x0000000000117430                _Xint4
                0x0000000000117438                _Xint5
                0x0000000000117443                _Xint6
                0x000000000011744b                _Xint7
                0x0000000000117453                _Xint8
                0x000000000011745b                _Xint9
                0x0000000000117463                _Xint10
                0x000000000011746b                _Xint11
                0x0000000000117473                _Xint12
                0x000000000011747b                _Xint13
                0x0000000000117483                _Xint14
                0x000000000011748e                _Xint15
                0x0000000000117499                _Xint16
                0x00000000001174a4                _Xint17
                0x00000000001174af                _Xint18
                0x00000000001174ba                _Xint19
                0x00000000001174c5                _Xint20
                0x00000000001174d0                _Xint21
                0x00000000001174db                _Xint22
                0x00000000001174e6                _Xint23
                0x00000000001174f1                _Xint24
                0x00000000001174fc                _Xint25
                0x0000000000117507                _Xint26
                0x0000000000117512                _Xint27
                0x000000000011751d                _Xint28
                0x0000000000117528                _Xint29
                0x0000000000117533                _Xint30
                0x000000000011753e                _Xint31
                0x0000000000117549                _extint
                0x000000000011755d                _Xint32
                0x0000000000117569                _Xint33
                0x0000000000117575                _Xint34
                0x0000000000117581                _Xint35
                0x000000000011758d                _Xint36
                0x0000000000117599                _Xint37
                0x00000000001175a5                _Xint38
                0x00000000001175b1                _Xint39
                0x00000000001175bd                _Xint40
                0x00000000001175c9                _Xint41
                0x00000000001175d8                _Xint42
                0x00000000001175e7                _Xint43
                0x00000000001175f6                _Xint44
                0x0000000000117605                _Xint45
                0x0000000000117614                _Xint46
                0x0000000000117623                defevec
 .text          0x00000000001176e3        0xf binaries/ttydispatch.o
                0x00000000001176e3                ttydispatch
 .text          0x00000000001176f2       0x13 binaries/ethdispatch.o
                0x00000000001176f2                ethdispatch
 *(.rodata .rodata.*)
 *fill*         0x0000000000117705        0x3 
 .rodata        0x0000000000117708       0x8e binaries/ascdate.o
 .rodata        0x0000000000117796       0xae binaries/conf.o
 .rodata        0x0000000000117844       0x7f binaries/early_imr.o
 *fill*         0x00000000001178c3        0x1 
 .rodata        0x00000000001178c4      0x231 binaries/evec.o
 *fill*         0x0000000000117af5        0x3 
 .rodata        0x0000000000117af8       0x61 binaries/getutime.o
 *fill*         0x0000000000117b59        0x3 
 .rodata        0x0000000000117b5c      0x187 binaries/initialize.o
 *fill*         0x0000000000117ce3        0x1 
 .rodata        0x0000000000117ce4       0x20 binaries/kill.o
 .rodata        0x0000000000117d04       0x2e binaries/main.o
 *fill*         0x0000000000117d32        0x2 
 .rodata        0x0000000000117d34       0x3e binaries/meminit.o
 .rodata        0x0000000000117d72        0xf binaries/panic.o
 *fill*         0x0000000000117d81        0x3 
 .rodata        0x0000000000117d84       0x20 binaries/pci.o
 .rodata        0x0000000000117da4       0x1d binaries/ptinit.o
 *fill*         0x0000000000117dc1        0x3 
 .rodata        0x0000000000117dc4       0x25 binaries/ptsend.o
 .rodata        0x0000000000117de9       0x22 binaries/quark_pdat.o
 *fill*         0x0000000000117e0b        0x1 
 .rodata        0x0000000000117e0c       0xb7 binaries/stacktrace.o
 *fill*         0x0000000000117ec3        0x1 
 .rodata        0x0000000000117ec4       0x27 binaries/xdone.o
 *fill*         0x0000000000117eeb       0x15 
 .rodata        0x0000000000117f00       0x81 binaries/ctype_.o
                0x0000000000117f00                _ctype_
 *fill*         0x0000000000117f81        0x3 
 .rodata        0x0000000000117f84       0xee binaries/doprnt.o
 *fill*         0x0000000000118072        0x2 
 .rodata        0x0000000000118074       0x98 binaries/doscan.o
 .rodata        0x000000000011810c       0xae binaries/fdoprnt.o
 *fill*         0x00000000001181ba        0x2 
 .rodata        0x00000000001181bc       0x20 binaries/ttycontrol.o
 .rodata        0x00000000001181dc       0x34 binaries/ttyhandler.o
 .rodata        0x0000000000118210       0x14 binaries/mount.o
 .rodata        0x0000000000118224       0x82 binaries/naminit.o
 *fill*         0x00000000001182a6        0x2 
 .rodata        0x00000000001182a8       0x46 binaries/ethinit.o
 *fill*         0x00000000001182ee        0x2 
 .rodata        0x00000000001182f0       0x76 binaries/rdscomm.o
 *fill*         0x0000000000118366        0x2 
 .rodata        0x0000000000118368       0x21 binaries/rdscontrol.o
 *fill*         0x0000000000118389        0x3 
 .rodata        0x000000000011838c       0xae binaries/rdsopen.o
 *fill*         0x000000000011843a        0x2 
 .rodata        0x000000000011843c       0x3e binaries/rdsprocess.o
 *fill*         0x000000000011847a        0x2 
 .rodata        0x000000000011847c       0xe2 binaries/rdsqfcns.o
 .rodata        0x000000000011855e        0x9 binaries/raminit.o
 *fill*         0x0000000000118567        0x1 
 .rodata        0x0000000000118568       0x36 binaries/lfdballoc.o
 .rodata        0x000000000011859e       0x14 binaries/lfiballoc.o
 *fill*         0x00000000001185b2        0x2 
 .rodata        0x00000000001185b4       0x22 binaries/lflcontrol.o
 *fill*         0x00000000001185d6        0x2 
 .rodata        0x00000000001185d8      0x118 binaries/lfsckfmt.o
 .rodata        0x00000000001186f0       0x66 binaries/lfsopen.o
 *fill*         0x0000000000118756        0x2 
 .rodata        0x0000000000118758       0x21 binaries/rflclose.o
 *fill*         0x0000000000118779        0x3 
 .rodata        0x000000000011877c       0x21 binaries/rflread.o
 *fill*         0x000000000011879d        0x3 
 .rodata        0x00000000001187a0       0x21 binaries/rflwrite.o
 *fill*         0x00000000001187c1        0x3 
 .rodata        0x00000000001187c4       0xa1 binaries/rfscomm.o
 *fill*         0x0000000000118865        0x3 
 .rodata        0x0000000000118868       0x3c binaries/rfscontrol.o
 .rodata        0x00000000001188a4       0x2b binaries/rfsinit.o
 *fill*         0x00000000001188cf        0x1 
 .rodata        0x00000000001188d0       0x2a binaries/rfsndmsg.o
 *fill*         0x00000000001188fa        0x2 
 .rodata        0x00000000001188fc       0x21 binaries/rfsopen.o
 *fill*         0x000000000011891d        0x3 
 .rodata        0x0000000000118920       0x3a binaries/arp.o
 *fill*         0x000000000011895a        0x2 
 .rodata        0x000000000011895c       0xcf binaries/dhcp.o
 .rodata        0x0000000000118a2b       0x24 binaries/dns.o
 *fill*         0x0000000000118a4f        0x1 
 .rodata        0x0000000000118a50       0xc9 binaries/hexdump.o
 *fill*         0x0000000000118b19        0x3 
 .rodata        0x0000000000118b1c       0x29 binaries/icmp.o
 *fill*         0x0000000000118b45        0x3 
 .rodata        0x0000000000118b48       0x52 binaries/ip.o
 *fill*         0x0000000000118b9a        0x2 
 .rodata        0x0000000000118b9c       0x4f binaries/net.o
 *fill*         0x0000000000118beb        0x1 
 .rodata        0x0000000000118bec      0x26f binaries/pdump.o
 *fill*         0x0000000000118e5b        0x1 
 .rodata        0x0000000000118e5c      0x10c binaries/tftp.o
 *fill*         0x0000000000118f68       0x18 
 .rodata        0x0000000000118f80      0x3f9 binaries/shell.o
                0x0000000000119020                cmdtab
 .rodata        0x0000000000119379       0x28 binaries/xsh_argecho.o
 *fill*         0x00000000001193a1        0x3 
 .rodata        0x00000000001193a4      0x123 binaries/xsh_arp.o
 *fill*         0x00000000001194c7        0x1 
 .rodata        0x00000000001194c8       0xc9 binaries/xsh_cat.o
 .rodata        0x0000000000119591       0x19 binaries/xsh_clear.o
 *fill*         0x00000000001195aa        0x2 
 .rodata        0x00000000001195ac      0x1c3 binaries/xsh_date.o
 .rodata        0x000000000011976f       0x5d binaries/xsh_devdump.o
 .rodata        0x00000000001197cc        0x9 binaries/xsh_echo.o
 *fill*         0x00000000001197d5        0x3 
 .rodata        0x00000000001197d8      0x169 binaries/xsh_help.o
 *fill*         0x0000000000119941        0x3 
 .rodata        0x0000000000119944      0x12e binaries/xsh_kill.o
 *fill*         0x0000000000119a72        0x2 
 .rodata        0x0000000000119a74      0x190 binaries/xsh_ls.o
 .rodata        0x0000000000119c04      0x266 binaries/xsh_memdump.o
 *fill*         0x0000000000119e6a        0x2 
 .rodata        0x0000000000119e6c      0x225 binaries/xsh_memstat.o
 *fill*         0x000000000011a091        0x3 
 .rodata        0x000000000011a094      0x1b0 binaries/xsh_netinfo.o
 *fill*         0x000000000011a244       0x1c 
 .rodata        0x000000000011a260      0x340 binaries/xsh_ns.o
 .rodata        0x000000000011a5a0      0x19d binaries/xsh_ping.o
 *fill*         0x000000000011a73d        0x3 
 .rodata        0x000000000011a740      0x1e0 binaries/xsh_ps.o
 .rodata        0x000000000011a920       0xeb binaries/xsh_sleep.o
 *fill*         0x000000000011aa0b        0x1 
 .rodata        0x000000000011aa0c      0x1b8 binaries/xsh_udpdump.o
 .rodata        0x000000000011abc4      0x27d binaries/xsh_udpecho.o
 *fill*         0x000000000011ae41        0x3 
 .rodata        0x000000000011ae44      0x12b binaries/xsh_udpserver.o
 *fill*         0x000000000011af6f        0x1 
 .rodata        0x000000000011af70      0x105 binaries/xsh_uptime.o
                0x000000000011b075                etext = ABSOLUTE (.)
                0x000000000011c000                . = ALIGN (0x1000)
 *fill*         0x000000000011b075      0xf8b 

.eh_frame       0x000000000011c000     0x2d3c
 .eh_frame      0x000000000011c000       0x40 binaries/ascdate.o
 .eh_frame      0x000000000011c040       0x20 binaries/bufinit.o
                                         0x38 (size before relaxing)
 .eh_frame      0x000000000011c060       0x20 binaries/chprio.o
                                         0x38 (size before relaxing)
 .eh_frame      0x000000000011c080       0x20 binaries/clkhandler.o
                                         0x38 (size before relaxing)
 .eh_frame      0x000000000011c0a0       0x20 binaries/clkinit.o
                                         0x38 (size before relaxing)
 .eh_frame      0x000000000011c0c0       0x20 binaries/close.o
                                         0x38 (size before relaxing)
 .eh_frame      0x000000000011c0e0       0x20 binaries/control.o
                                         0x38 (size before relaxing)
 .eh_frame      0x000000000011c100       0x40 binaries/create.o
                                         0x58 (size before relaxing)
 .eh_frame      0x000000000011c140      0x104 binaries/early_imr.o
                                        0x11c (size before relaxing)
 .eh_frame      0x000000000011c244       0xe0 binaries/evec.o
                                         0xf8 (size before relaxing)
 .eh_frame      0x000000000011c324       0x20 binaries/exit.o
                                         0x38 (size before relaxing)
 .eh_frame      0x000000000011c344       0x20 binaries/freebuf.o
                                         0x38 (size before relaxing)
 .eh_frame      0x000000000011c364       0x20 binaries/freemem.o
                                         0x38 (size before relaxing)
 .eh_frame      0x000000000011c384       0x20 binaries/getbuf.o
                                         0x38 (size before relaxing)
 .eh_frame      0x000000000011c3a4       0x20 binaries/getc.o
                                         0x38 (size before relaxing)
 .eh_frame      0x000000000011c3c4       0x20 binaries/getdev.o
                                         0x38 (size before relaxing)
 .eh_frame      0x000000000011c3e4       0x60 binaries/getitem.o
                                         0x78 (size before relaxing)
 .eh_frame      0x000000000011c444       0x20 binaries/getmem.o
                                         0x38 (size before relaxing)
 .eh_frame      0x000000000011c464       0x20 binaries/getpid.o
                                         0x38 (size before relaxing)
 .eh_frame      0x000000000011c484       0x20 binaries/getprio.o
                                         0x38 (size before relaxing)
 .eh_frame      0x000000000011c4a4       0x20 binaries/getstk.o
                                         0x38 (size before relaxing)
 .eh_frame      0x000000000011c4c4       0x20 binaries/getticks.o
                                         0x38 (size before relaxing)
 .eh_frame      0x000000000011c4e4       0x20 binaries/gettime.o
                                         0x38 (size before relaxing)
 .eh_frame      0x000000000011c504       0x20 binaries/getutime.o
                                         0x38 (size before relaxing)
 .eh_frame      0x000000000011c524       0x20 binaries/init.o
                                         0x38 (size before relaxing)
 .eh_frame      0x000000000011c544       0xa0 binaries/initialize.o
                                         0xb8 (size before relaxing)
 .eh_frame      0x000000000011c5e4       0x20 binaries/insert.o
                                         0x38 (size before relaxing)
 .eh_frame      0x000000000011c604       0x20 binaries/insertd.o
                                         0x38 (size before relaxing)
 .eh_frame      0x000000000011c624       0x20 binaries/ioerr.o
                                         0x38 (size before relaxing)
 .eh_frame      0x000000000011c644       0x20 binaries/ionull.o
                                         0x38 (size before relaxing)
 .eh_frame      0x000000000011c664       0x20 binaries/kill.o
                                         0x38 (size before relaxing)
 .eh_frame      0x000000000011c684       0x60 binaries/kprintf.o
                                         0x78 (size before relaxing)
 .eh_frame      0x000000000011c6e4       0x1c binaries/main.o
                                         0x34 (size before relaxing)
 .eh_frame      0x000000000011c700       0x40 binaries/mark.o
                                         0x58 (size before relaxing)
 .eh_frame      0x000000000011c740       0x48 binaries/meminit.o
                                         0x60 (size before relaxing)
 .eh_frame      0x000000000011c788       0x20 binaries/mkbufpool.o
                                         0x38 (size before relaxing)
 .eh_frame      0x000000000011c7a8       0x20 binaries/newqueue.o
                                         0x38 (size before relaxing)
 .eh_frame      0x000000000011c7c8       0x20 binaries/open.o
                                         0x38 (size before relaxing)
 .eh_frame      0x000000000011c7e8       0x1c binaries/panic.o
                                         0x34 (size before relaxing)
 .eh_frame      0x000000000011c804      0x1e0 binaries/pci.o
                                        0x1f8 (size before relaxing)
 .eh_frame      0x000000000011c9e4       0x60 binaries/platinit.o
                                         0x78 (size before relaxing)
 .eh_frame      0x000000000011ca44       0x20 binaries/ptclear.o
                                         0x38 (size before relaxing)
 .eh_frame      0x000000000011ca64       0x20 binaries/ptcount.o
                                         0x38 (size before relaxing)
 .eh_frame      0x000000000011ca84       0x20 binaries/ptcreate.o
                                         0x38 (size before relaxing)
 .eh_frame      0x000000000011caa4       0x20 binaries/ptdelete.o
                                         0x38 (size before relaxing)
 .eh_frame      0x000000000011cac4       0x20 binaries/ptinit.o
                                         0x38 (size before relaxing)
 .eh_frame      0x000000000011cae4       0x20 binaries/ptrecv.o
                                         0x38 (size before relaxing)
 .eh_frame      0x000000000011cb04       0x20 binaries/ptreset.o
                                         0x38 (size before relaxing)
 .eh_frame      0x000000000011cb24       0x20 binaries/ptsend.o
                                         0x38 (size before relaxing)
 .eh_frame      0x000000000011cb44       0x20 binaries/putc.o
                                         0x38 (size before relaxing)
 .eh_frame      0x000000000011cb64       0x20 binaries/quark_irq.o
                                         0x38 (size before relaxing)
 .eh_frame      0x000000000011cb84       0x40 binaries/quark_pdat.o
                                         0x58 (size before relaxing)
 .eh_frame      0x000000000011cbc4       0x40 binaries/queue.o
                                         0x58 (size before relaxing)
 .eh_frame      0x000000000011cc04       0x20 binaries/read.o
                                         0x38 (size before relaxing)
 .eh_frame      0x000000000011cc24       0x24 binaries/ready.o
                                         0x3c (size before relaxing)
 .eh_frame      0x000000000011cc48       0x20 binaries/receive.o
                                         0x38 (size before relaxing)
 .eh_frame      0x000000000011cc68       0x20 binaries/recvclr.o
                                         0x38 (size before relaxing)
 .eh_frame      0x000000000011cc88       0x20 binaries/recvtime.o
                                         0x38 (size before relaxing)
 .eh_frame      0x000000000011cca8       0x40 binaries/resched.o
                                         0x58 (size before relaxing)
 .eh_frame      0x000000000011cce8       0x20 binaries/resume.o
                                         0x38 (size before relaxing)
 .eh_frame      0x000000000011cd08       0x20 binaries/seek.o
                                         0x38 (size before relaxing)
 .eh_frame      0x000000000011cd28       0x20 binaries/semcount.o
                                         0x38 (size before relaxing)
 .eh_frame      0x000000000011cd48       0x40 binaries/semcreate.o
                                         0x58 (size before relaxing)
 .eh_frame      0x000000000011cd88       0x20 binaries/semdelete.o
                                         0x38 (size before relaxing)
 .eh_frame      0x000000000011cda8       0x20 binaries/semreset.o
                                         0x38 (size before relaxing)
 .eh_frame      0x000000000011cdc8       0x20 binaries/send.o
                                         0x38 (size before relaxing)
 .eh_frame      0x000000000011cde8       0x20 binaries/signal.o
                                         0x38 (size before relaxing)
 .eh_frame      0x000000000011ce08       0x20 binaries/signaln.o
                                         0x38 (size before relaxing)
 .eh_frame      0x000000000011ce28       0x40 binaries/sleep.o
                                         0x58 (size before relaxing)
 .eh_frame      0x000000000011ce68       0x20 binaries/stacktrace.o
                                         0x38 (size before relaxing)
 .eh_frame      0x000000000011ce88       0x20 binaries/suspend.o
                                         0x38 (size before relaxing)
 .eh_frame      0x000000000011cea8       0x20 binaries/unsleep.o
                                         0x38 (size before relaxing)
 .eh_frame      0x000000000011cec8       0x20 binaries/userret.o
                                         0x38 (size before relaxing)
 .eh_frame      0x000000000011cee8       0x20 binaries/wait.o
                                         0x38 (size before relaxing)
 .eh_frame      0x000000000011cf08       0x20 binaries/wakeup.o
                                         0x38 (size before relaxing)
 .eh_frame      0x000000000011cf28       0x20 binaries/write.o
                                         0x38 (size before relaxing)
 .eh_frame      0x000000000011cf48       0x20 binaries/xdone.o
                                         0x38 (size before relaxing)
 .eh_frame      0x000000000011cf68       0x20 binaries/yield.o
                                         0x38 (size before relaxing)
 .eh_frame      0x000000000011cf88       0x20 binaries/abs.o
                                         0x38 (size before relaxing)
 .eh_frame      0x000000000011cfa8       0x20 binaries/atoi.o
                                         0x38 (size before relaxing)
 .eh_frame      0x000000000011cfc8       0x20 binaries/atol.o
                                         0x38 (size before relaxing)
 .eh_frame      0x000000000011cfe8       0x20 binaries/bzero.o
                                         0x38 (size before relaxing)
 .eh_frame      0x000000000011d008       0xe4 binaries/doprnt.o
                                         0xfc (size before relaxing)
 .eh_frame      0x000000000011d0ec       0xb0 binaries/doscan.o
                                         0xc8 (size before relaxing)
 .eh_frame      0x000000000011d19c       0xc0 binaries/fdoprnt.o
                                         0xd8 (size before relaxing)
 .eh_frame      0x000000000011d25c       0x20 binaries/fgetc.o
                                         0x38 (size before relaxing)
 .eh_frame      0x000000000011d27c       0x20 binaries/fgets.o
                                         0x38 (size before relaxing)
 .eh_frame      0x000000000011d29c       0x20 binaries/fprintf.o
                                         0x38 (size before relaxing)
 .eh_frame      0x000000000011d2bc       0x20 binaries/fputc.o
                                         0x38 (size before relaxing)
 .eh_frame      0x000000000011d2dc       0x20 binaries/fputs.o
                                         0x38 (size before relaxing)
 .eh_frame      0x000000000011d2fc       0x60 binaries/fscanf.o
                                         0x78 (size before relaxing)
 .eh_frame      0x000000000011d35c       0x20 binaries/getchar.o
                                         0x38 (size before relaxing)
 .eh_frame      0x000000000011d37c       0x20 binaries/labs.o
                                         0x38 (size before relaxing)
 .eh_frame      0x000000000011d39c       0x20 binaries/memcmp.o
                                         0x38 (size before relaxing)
 .eh_frame      0x000000000011d3bc       0x28 binaries/memcpy.o
                                         0x40 (size before relaxing)
 .eh_frame      0x000000000011d3e4       0x24 binaries/memset.o
                                         0x3c (size before relaxing)
 .eh_frame      0x000000000011d408       0x20 binaries/printf.o
                                         0x38 (size before relaxing)
 .eh_frame      0x000000000011d428       0x20 binaries/putchar.o
                                         0x38 (size before relaxing)
 .eh_frame      0x000000000011d448       0xa8 binaries/qsort.o
                                         0xc0 (size before relaxing)
 .eh_frame      0x000000000011d4f0       0x60 binaries/rand.o
                                         0x78 (size before relaxing)
 .eh_frame      0x000000000011d550       0x40 binaries/sprintf.o
                                         0x58 (size before relaxing)
 .eh_frame      0x000000000011d590       0x60 binaries/sscanf.o
                                         0x78 (size before relaxing)
 .eh_frame      0x000000000011d5f0       0x20 binaries/strchr.o
                                         0x38 (size before relaxing)
 .eh_frame      0x000000000011d610       0x20 binaries/strcmp.o
                                         0x38 (size before relaxing)
 .eh_frame      0x000000000011d630       0x20 binaries/strcpy.o
                                         0x38 (size before relaxing)
 .eh_frame      0x000000000011d650       0x20 binaries/strlen.o
                                         0x38 (size before relaxing)
 .eh_frame      0x000000000011d670       0x20 binaries/strncat.o
                                         0x38 (size before relaxing)
 .eh_frame      0x000000000011d690       0x20 binaries/strncmp.o
                                         0x38 (size before relaxing)
 .eh_frame      0x000000000011d6b0       0x28 binaries/strncpy.o
                                         0x40 (size before relaxing)
 .eh_frame      0x000000000011d6d8       0x20 binaries/strnlen.o
                                         0x38 (size before relaxing)
 .eh_frame      0x000000000011d6f8       0x20 binaries/strrchr.o
                                         0x38 (size before relaxing)
 .eh_frame      0x000000000011d718       0x20 binaries/strstr.o
                                         0x38 (size before relaxing)
 .eh_frame      0x000000000011d738       0x20 binaries/ttycontrol.o
                                         0x38 (size before relaxing)
 .eh_frame      0x000000000011d758       0x20 binaries/ttygetc.o
                                         0x38 (size before relaxing)
 .eh_frame      0x000000000011d778       0x80 binaries/ttyhandle_in.o
                                         0x98 (size before relaxing)
 .eh_frame      0x000000000011d7f8       0x20 binaries/ttyhandle_out.o
                                         0x38 (size before relaxing)
 .eh_frame      0x000000000011d818       0x20 binaries/ttyhandler.o
                                         0x38 (size before relaxing)
 .eh_frame      0x000000000011d838       0x20 binaries/ttyinit.o
                                         0x38 (size before relaxing)
 .eh_frame      0x000000000011d858       0x20 binaries/ttykickout.o
                                         0x38 (size before relaxing)
 .eh_frame      0x000000000011d878       0x20 binaries/ttyputc.o
                                         0x38 (size before relaxing)
 .eh_frame      0x000000000011d898       0x28 binaries/ttyread.o
                                         0x40 (size before relaxing)
 .eh_frame      0x000000000011d8c0       0x20 binaries/ttywrite.o
                                         0x38 (size before relaxing)
 .eh_frame      0x000000000011d8e0       0x40 binaries/mount.o
                                         0x58 (size before relaxing)
 .eh_frame      0x000000000011d920       0x20 binaries/naminit.o
                                         0x38 (size before relaxing)
 .eh_frame      0x000000000011d940       0x60 binaries/nammap.o
                                         0x78 (size before relaxing)
 .eh_frame      0x000000000011d9a0       0x20 binaries/namopen.o
                                         0x38 (size before relaxing)
 .eh_frame      0x000000000011d9c0       0x20 binaries/ethcontrol.o
                                         0x38 (size before relaxing)
 .eh_frame      0x000000000011d9e0       0x20 binaries/ethhandler.o
                                         0x38 (size before relaxing)
 .eh_frame      0x000000000011da00       0xa0 binaries/ethinit.o
                                         0xb8 (size before relaxing)
 .eh_frame      0x000000000011daa0       0x40 binaries/ethmcast.o
                                         0x58 (size before relaxing)
 .eh_frame      0x000000000011dae0       0x20 binaries/ethread.o
                                         0x38 (size before relaxing)
 .eh_frame      0x000000000011db00       0x20 binaries/ethwrite.o
                                         0x38 (size before relaxing)
 .eh_frame      0x000000000011db20       0x20 binaries/rdscomm.o
                                         0x38 (size before relaxing)
 .eh_frame      0x000000000011db40       0x20 binaries/rdscontrol.o
                                         0x38 (size before relaxing)
 .eh_frame      0x000000000011db60       0x20 binaries/rdsinit.o
                                         0x38 (size before relaxing)
 .eh_frame      0x000000000011db80       0x20 binaries/rdsopen.o
                                         0x38 (size before relaxing)
 .eh_frame      0x000000000011dba0       0x1c binaries/rdsprocess.o
                                         0x34 (size before relaxing)
 .eh_frame      0x000000000011dbbc       0xc0 binaries/rdsqfcns.o
                                         0xd8 (size before relaxing)
 .eh_frame      0x000000000011dc7c       0x20 binaries/rdsread.o
                                         0x38 (size before relaxing)
 .eh_frame      0x000000000011dc9c       0x20 binaries/rdssetprio.o
                                         0x38 (size before relaxing)
 .eh_frame      0x000000000011dcbc       0x20 binaries/rdswrite.o
                                         0x38 (size before relaxing)
 .eh_frame      0x000000000011dcdc       0x20 binaries/ramclose.o
                                         0x38 (size before relaxing)
 .eh_frame      0x000000000011dcfc       0x20 binaries/raminit.o
                                         0x38 (size before relaxing)
 .eh_frame      0x000000000011dd1c       0x20 binaries/ramopen.o
                                         0x38 (size before relaxing)
 .eh_frame      0x000000000011dd3c       0x20 binaries/ramread.o
                                         0x38 (size before relaxing)
 .eh_frame      0x000000000011dd5c       0x20 binaries/ramwrite.o
                                         0x38 (size before relaxing)
 .eh_frame      0x000000000011dd7c       0x20 binaries/lfdballoc.o
                                         0x38 (size before relaxing)
 .eh_frame      0x000000000011dd9c       0x20 binaries/lfdbfree.o
                                         0x38 (size before relaxing)
 .eh_frame      0x000000000011ddbc       0x20 binaries/lfflush.o
                                         0x38 (size before relaxing)
 .eh_frame      0x000000000011dddc       0x20 binaries/lfgetmode.o
                                         0x38 (size before relaxing)
 .eh_frame      0x000000000011ddfc       0x20 binaries/lfiballoc.o
                                         0x38 (size before relaxing)
 .eh_frame      0x000000000011de1c       0x20 binaries/lfibclear.o
                                         0x38 (size before relaxing)
 .eh_frame      0x000000000011de3c       0x20 binaries/lfibget.o
                                         0x38 (size before relaxing)
 .eh_frame      0x000000000011de5c       0x20 binaries/lfibput.o
                                         0x38 (size before relaxing)
 .eh_frame      0x000000000011de7c       0x20 binaries/lflclose.o
                                         0x38 (size before relaxing)
 .eh_frame      0x000000000011de9c       0x20 binaries/lflcontrol.o
                                         0x38 (size before relaxing)
 .eh_frame      0x000000000011debc       0x20 binaries/lflgetc.o
                                         0x38 (size before relaxing)
 .eh_frame      0x000000000011dedc       0x20 binaries/lflinit.o
                                         0x38 (size before relaxing)
 .eh_frame      0x000000000011defc       0x20 binaries/lflputc.o
                                         0x38 (size before relaxing)
 .eh_frame      0x000000000011df1c       0x20 binaries/lflread.o
                                         0x38 (size before relaxing)
 .eh_frame      0x000000000011df3c       0x20 binaries/lflseek.o
                                         0x38 (size before relaxing)
 .eh_frame      0x000000000011df5c       0x20 binaries/lflwrite.o
                                         0x38 (size before relaxing)
 .eh_frame      0x000000000011df7c       0x20 binaries/lfscheck.o
                                         0x38 (size before relaxing)
 .eh_frame      0x000000000011df9c       0x20 binaries/lfsckfmt.o
                                         0x38 (size before relaxing)
 .eh_frame      0x000000000011dfbc       0x20 binaries/lfscreate.o
                                         0x38 (size before relaxing)
 .eh_frame      0x000000000011dfdc       0x20 binaries/lfsetup.o
                                         0x38 (size before relaxing)
 .eh_frame      0x000000000011dffc       0x20 binaries/lfsinit.o
                                         0x38 (size before relaxing)
 .eh_frame      0x000000000011e01c       0x20 binaries/lfsopen.o
                                         0x38 (size before relaxing)
 .eh_frame      0x000000000011e03c       0x20 binaries/lftruncate.o
                                         0x38 (size before relaxing)
 .eh_frame      0x000000000011e05c       0x20 binaries/rflclose.o
                                         0x38 (size before relaxing)
 .eh_frame      0x000000000011e07c       0x20 binaries/rflgetc.o
                                         0x38 (size before relaxing)
 .eh_frame      0x000000000011e09c       0x20 binaries/rflinit.o
                                         0x38 (size before relaxing)
 .eh_frame      0x000000000011e0bc       0x20 binaries/rflputc.o
                                         0x38 (size before relaxing)
 .eh_frame      0x000000000011e0dc       0x20 binaries/rflread.o
                                         0x38 (size before relaxing)
 .eh_frame      0x000000000011e0fc       0x20 binaries/rflseek.o
                                         0x38 (size before relaxing)
 .eh_frame      0x000000000011e11c       0x20 binaries/rflwrite.o
                                         0x38 (size before relaxing)
 .eh_frame      0x000000000011e13c       0x20 binaries/rfscomm.o
                                         0x38 (size before relaxing)
 .eh_frame      0x000000000011e15c       0x20 binaries/rfscontrol.o
                                         0x38 (size before relaxing)
 .eh_frame      0x000000000011e17c       0x20 binaries/rfsgetmode.o
                                         0x38 (size before relaxing)
 .eh_frame      0x000000000011e19c       0x20 binaries/rfsinit.o
                                         0x38 (size before relaxing)
 .eh_frame      0x000000000011e1bc       0x20 binaries/rfsndmsg.o
                                         0x38 (size before relaxing)
 .eh_frame      0x000000000011e1dc       0x20 binaries/rfsopen.o
                                         0x38 (size before relaxing)
 .eh_frame      0x000000000011e1fc       0xc0 binaries/arp.o
                                         0xd8 (size before relaxing)
 .eh_frame      0x000000000011e2bc       0xa0 binaries/dhcp.o
                                         0xb8 (size before relaxing)
 .eh_frame      0x000000000011e35c       0x80 binaries/dns.o
                                         0x98 (size before relaxing)
 .eh_frame      0x000000000011e3dc       0x20 binaries/dot2ip.o
                                         0x38 (size before relaxing)
 .eh_frame      0x000000000011e3fc       0x40 binaries/hexdump.o
                                         0x58 (size before relaxing)
 .eh_frame      0x000000000011e43c      0x150 binaries/icmp.o
                                        0x168 (size before relaxing)
 .eh_frame      0x000000000011e58c      0x11c binaries/ip.o
                                        0x134 (size before relaxing)
 .eh_frame      0x000000000011e6a8       0xa0 binaries/net.o
                                         0xb8 (size before relaxing)
 .eh_frame      0x000000000011e748       0x60 binaries/pdump.o
                                         0x78 (size before relaxing)
 .eh_frame      0x000000000011e7a8       0x4c binaries/tftp.o
                                         0x64 (size before relaxing)
 .eh_frame      0x000000000011e7f4      0x140 binaries/udp.o
                                        0x158 (size before relaxing)
 .eh_frame      0x000000000011e934       0x20 binaries/addargs.o
                                         0x38 (size before relaxing)
 .eh_frame      0x000000000011e954       0x20 binaries/lexan.o
                                         0x38 (size before relaxing)
 .eh_frame      0x000000000011e974       0x20 binaries/shell.o
                                         0x38 (size before relaxing)
 .eh_frame      0x000000000011e994       0x20 binaries/xsh_argecho.o
                                         0x38 (size before relaxing)
 .eh_frame      0x000000000011e9b4       0x40 binaries/xsh_arp.o
                                         0x58 (size before relaxing)
 .eh_frame      0x000000000011e9f4       0x20 binaries/xsh_cat.o
                                         0x38 (size before relaxing)
 .eh_frame      0x000000000011ea14       0x20 binaries/xsh_clear.o
                                         0x38 (size before relaxing)
 .eh_frame      0x000000000011ea34       0x20 binaries/xsh_date.o
                                         0x38 (size before relaxing)
 .eh_frame      0x000000000011ea54       0x20 binaries/xsh_devdump.o
                                         0x38 (size before relaxing)
 .eh_frame      0x000000000011ea74       0x20 binaries/xsh_echo.o
                                         0x38 (size before relaxing)
 .eh_frame      0x000000000011ea94       0x20 binaries/xsh_exit.o
                                         0x38 (size before relaxing)
 .eh_frame      0x000000000011eab4       0x2c binaries/xsh_help.o
                                         0x44 (size before relaxing)
 .eh_frame      0x000000000011eae0       0x20 binaries/xsh_kill.o
                                         0x38 (size before relaxing)
 .eh_frame      0x000000000011eb00       0x2c binaries/xsh_ls.o
                                         0x44 (size before relaxing)
 .eh_frame      0x000000000011eb2c       0x40 binaries/xsh_memdump.o
                                         0x58 (size before relaxing)
 .eh_frame      0x000000000011eb6c       0x60 binaries/xsh_memstat.o
                                         0x78 (size before relaxing)
 .eh_frame      0x000000000011ebcc       0x30 binaries/xsh_netinfo.o
                                         0x48 (size before relaxing)
 .eh_frame      0x000000000011ebfc       0x30 binaries/xsh_ns.o
                                         0x48 (size before relaxing)
 .eh_frame      0x000000000011ec2c       0x28 binaries/xsh_ping.o
                                         0x40 (size before relaxing)
 .eh_frame      0x000000000011ec54       0x30 binaries/xsh_ps.o
                                         0x48 (size before relaxing)
 .eh_frame      0x000000000011ec84       0x20 binaries/xsh_sleep.o
                                         0x38 (size before relaxing)
 .eh_frame      0x000000000011eca4       0x20 binaries/xsh_udpdump.o
                                         0x38 (size before relaxing)
 .eh_frame      0x000000000011ecc4       0x30 binaries/xsh_udpecho.o
                                         0x48 (size before relaxing)
 .eh_frame      0x000000000011ecf4       0x28 binaries/xsh_udpserver.o
                                         0x40 (size before relaxing)
 .eh_frame      0x000000000011ed1c       0x20 binaries/xsh_uptime.o
                                         0x38 (size before relaxing)

.iplt           0x000000000011ed3c        0x0
 .iplt          0x000000000011ed3c        0x0 binaries/start.o

.rel.dyn        0x000000000011ed3c        0x0
 .rel.got       0x000000000011ed3c        0x0 binaries/start.o
 .rel.iplt      0x000000000011ed3c        0x0 binaries/start.o
 .rel.text      0x000000000011ed3c        0x0 binaries/start.o

.data           0x000000000011ed40     0x12c0
                0x000000000011ed40                data = ABSOLUTE (.)
 *(.data .data.*)
 .data          0x000000000011ed40      0x83a binaries/start.o
                0x000000000011ed40                gdt
                0x000000000011ed70                idt
                0x000000000011f576                cpudelay
 *fill*         0x000000000011f57a        0x6 
 .data          0x000000000011f580       0x88 binaries/ascdate.o
                0x000000000011f580                Date
 .data          0x000000000011f608        0x0 binaries/bufinit.o
 .data          0x000000000011f608        0x0 binaries/chprio.o
 .data          0x000000000011f608        0x0 binaries/clkhandler.o
 .data          0x000000000011f608        0x4 binaries/clkinit.o
                0x000000000011f608                hpet
 .data          0x000000000011f60c        0x0 binaries/close.o
 *fill*         0x000000000011f60c       0x14 
 .data          0x000000000011f620      0x5a0 binaries/conf.o
                0x000000000011f620                devtab
 .data          0x000000000011fbc0        0x0 binaries/control.o
 .data          0x000000000011fbc0        0x4 binaries/create.o
 .data          0x000000000011fbc4        0x0 binaries/early_imr.o
 *fill*         0x000000000011fbc4       0x1c 
 .data          0x000000000011fbe0       0x60 binaries/evec.o
                0x000000000011fbe0                lapic
                0x000000000011fc00                inames
 .data          0x000000000011fc40        0x0 binaries/exit.o
 .data          0x000000000011fc40        0x0 binaries/freebuf.o
 .data          0x000000000011fc40        0x0 binaries/freemem.o
 .data          0x000000000011fc40        0x0 binaries/getbuf.o
 .data          0x000000000011fc40        0x0 binaries/getc.o
 .data          0x000000000011fc40        0x0 binaries/getdev.o
 .data          0x000000000011fc40        0x0 binaries/getitem.o
 .data          0x000000000011fc40        0x0 binaries/getmem.o
 .data          0x000000000011fc40        0x0 binaries/getpid.o
 .data          0x000000000011fc40        0x0 binaries/getprio.o
 .data          0x000000000011fc40        0x0 binaries/getstk.o
 .data          0x000000000011fc40        0x0 binaries/getticks.o
 .data          0x000000000011fc40        0x0 binaries/gettime.o
 .data          0x000000000011fc40        0x0 binaries/getutime.o
 .data          0x000000000011fc40        0x0 binaries/init.o
 .data          0x000000000011fc40        0x0 binaries/initialize.o
 .data          0x000000000011fc40        0x0 binaries/insert.o
 .data          0x000000000011fc40        0x0 binaries/insertd.o
 .data          0x000000000011fc40        0x0 binaries/ioerr.o
[...]
 .comment       0x0000000000000023       0x24 binaries/pdump.o
 .comment       0x0000000000000023       0x24 binaries/tftp.o
 .comment       0x0000000000000023       0x24 binaries/udp.o
 .comment       0x0000000000000023       0x24 binaries/addargs.o
 .comment       0x0000000000000023       0x24 binaries/lexan.o
 .comment       0x0000000000000023       0x24 binaries/shell.o
 .comment       0x0000000000000023       0x24 binaries/xsh_argecho.o
 .comment       0x0000000000000023       0x24 binaries/xsh_arp.o
 .comment       0x0000000000000023       0x24 binaries/xsh_cat.o
 .comment       0x0000000000000023       0x24 binaries/xsh_clear.o
 .comment       0x0000000000000023       0x24 binaries/xsh_date.o
 .comment       0x0000000000000023       0x24 binaries/xsh_devdump.o
 .comment       0x0000000000000023       0x24 binaries/xsh_echo.o
 .comment       0x0000000000000023       0x24 binaries/xsh_exit.o
 .comment       0x0000000000000023       0x24 binaries/xsh_help.o
 .comment       0x0000000000000023       0x24 binaries/xsh_kill.o
 .comment       0x0000000000000023       0x24 binaries/xsh_ls.o
 .comment       0x0000000000000023       0x24 binaries/xsh_memdump.o
 .comment       0x0000000000000023       0x24 binaries/xsh_memstat.o
 .comment       0x0000000000000023       0x24 binaries/xsh_netinfo.o
 .comment       0x0000000000000023       0x24 binaries/xsh_ns.o
 .comment       0x0000000000000023       0x24 binaries/xsh_ping.o
 .comment       0x0000000000000023       0x24 binaries/xsh_ps.o
 .comment       0x0000000000000023       0x24 binaries/xsh_sleep.o
 .comment       0x0000000000000023       0x24 binaries/xsh_udpdump.o
 .comment       0x0000000000000023       0x24 binaries/xsh_udpecho.o
 .comment       0x0000000000000023       0x24 binaries/xsh_udpserver.o
 .comment       0x0000000000000023       0x24 binaries/xsh_uptime.o

.note.GNU-stack
                0x0000000000000000        0x0
 .note.GNU-stack
                0x0000000000000000        0x0 binaries/ascdate.o
 .note.GNU-stack
                0x0000000000000000        0x0 binaries/bufinit.o
 .note.GNU-stack
                0x0000000000000000        0x0 binaries/chprio.o
 .note.GNU-stack
                0x0000000000000000        0x0 binaries/clkhandler.o
 .note.GNU-stack
                0x0000000000000000        0x0 binaries/clkinit.o
 .note.GNU-stack
                0x0000000000000000        0x0 binaries/close.o
 .note.GNU-stack
                0x0000000000000000        0x0 binaries/conf.o
 .note.GNU-stack
                0x0000000000000000        0x0 binaries/control.o
 .note.GNU-stack
                0x0000000000000000        0x0 binaries/create.o
 .note.GNU-stack
                0x0000000000000000        0x0 binaries/early_imr.o
 .note.GNU-stack
                0x0000000000000000        0x0 binaries/evec.o
 .note.GNU-stack
                0x0000000000000000        0x0 binaries/exit.o
 .note.GNU-stack
                0x0000000000000000        0x0 binaries/freebuf.o
 .note.GNU-stack
                0x0000000000000000        0x0 binaries/freemem.o
 .note.GNU-stack
                0x0000000000000000        0x0 binaries/getbuf.o
 .note.GNU-stack
                0x0000000000000000        0x0 binaries/getc.o
 .note.GNU-stack
                0x0000000000000000        0x0 binaries/getdev.o
 .note.GNU-stack
                0x0000000000000000        0x0 binaries/getitem.o
 .note.GNU-stack
                0x0000000000000000        0x0 binaries/getmem.o
 .note.GNU-stack
                0x0000000000000000        0x0 binaries/getpid.o
 .note.GNU-stack
                0x0000000000000000        0x0 binaries/getprio.o
 .note.GNU-stack
                0x0000000000000000        0x0 binaries/getstk.o
 .note.GNU-stack
                0x0000000000000000        0x0 binaries/getticks.o
 .note.GNU-stack
                0x0000000000000000        0x0 binaries/gettime.o
 .note.GNU-stack
                0x0000000000000000        0x0 binaries/getutime.o
 .note.GNU-stack
                0x0000000000000000        0x0 binaries/init.o
 .note.GNU-stack
                0x0000000000000000        0x0 binaries/initialize.o
 .note.GNU-stack
                0x0000000000000000        0x0 binaries/insert.o
 .note.GNU-stack
                0x0000000000000000        0x0 binaries/insertd.o
 .note.GNU-stack
                0x0000000000000000        0x0 binaries/ioerr.o
 .note.GNU-stack
                0x0000000000000000        0x0 binaries/ionull.o
 .note.GNU-stack
                0x0000000000000000        0x0 binaries/kill.o
 .note.GNU-stack
                0x0000000000000000        0x0 binaries/kprintf.o
 .note.GNU-stack
                0x0000000000000000        0x0 binaries/main.o
 .note.GNU-stack
                0x0000000000000000        0x0 binaries/mark.o
 .note.GNU-stack
                0x0000000000000000        0x0 binaries/meminit.o
 .note.GNU-stack
                0x0000000000000000        0x0 binaries/mkbufpool.o
 .note.GNU-stack
                0x0000000000000000        0x0 binaries/newqueue.o
 .note.GNU-stack
                0x0000000000000000        0x0 binaries/open.o
 .note.GNU-stack
                0x0000000000000000        0x0 binaries/panic.o
 .note.GNU-stack
                0x0000000000000000        0x0 binaries/pci.o
 .note.GNU-stack
                0x0000000000000000        0x0 binaries/platinit.o
 .note.GNU-stack
                0x0000000000000000        0x0 binaries/ptclear.o
 .note.GNU-stack
                0x0000000000000000        0x0 binaries/ptcount.o
 .note.GNU-stack
                0x0000000000000000        0x0 binaries/ptcreate.o
 .note.GNU-stack
                0x0000000000000000        0x0 binaries/ptdelete.o
 .note.GNU-stack
                0x0000000000000000        0x0 binaries/ptinit.o
 .note.GNU-stack
                0x0000000000000000        0x0 binaries/ptrecv.o
 .note.GNU-stack
                0x0000000000000000        0x0 binaries/ptreset.o
 .note.GNU-stack
                0x0000000000000000        0x0 binaries/ptsend.o
 .note.GNU-stack
                0x0000000000000000        0x0 binaries/putc.o
 .note.GNU-stack
                0x0000000000000000        0x0 binaries/quark_irq.o
 .note.GNU-stack
                0x0000000000000000        0x0 binaries/quark_pdat.o
 .note.GNU-stack
                0x0000000000000000        0x0 binaries/queue.o
 .note.GNU-stack
                0x0000000000000000        0x0 binaries/read.o
 .note.GNU-stack
                0x0000000000000000        0x0 binaries/ready.o
 .note.GNU-stack
                0x0000000000000000        0x0 binaries/receive.o
 .note.GNU-stack
                0x0000000000000000        0x0 binaries/recvclr.o
 .note.GNU-stack
                0x0000000000000000        0x0 binaries/recvtime.o
 .note.GNU-stack
                0x0000000000000000        0x0 binaries/resched.o
 .note.GNU-stack
                0x0000000000000000        0x0 binaries/resume.o
 .note.GNU-stack
                0x0000000000000000        0x0 binaries/seek.o
 .note.GNU-stack
                0x0000000000000000        0x0 binaries/semcount.o
 .note.GNU-stack
                0x0000000000000000        0x0 binaries/semcreate.o
 .note.GNU-stack
                0x0000000000000000        0x0 binaries/semdelete.o
 .note.GNU-stack
                0x0000000000000000        0x0 binaries/semreset.o
 .note.GNU-stack
                0x0000000000000000        0x0 binaries/send.o
 .note.GNU-stack
                0x0000000000000000        0x0 binaries/signal.o
 .note.GNU-stack
                0x0000000000000000        0x0 binaries/signaln.o
 .note.GNU-stack
                0x0000000000000000        0x0 binaries/sleep.o
 .note.GNU-stack
                0x0000000000000000        0x0 binaries/stacktrace.o
 .note.GNU-stack
                0x0000000000000000        0x0 binaries/suspend.o
 .note.GNU-stack
                0x0000000000000000        0x0 binaries/unsleep.o
 .note.GNU-stack
                0x0000000000000000        0x0 binaries/userret.o
 .note.GNU-stack
                0x0000000000000000        0x0 binaries/wait.o
 .note.GNU-stack
                0x0000000000000000        0x0 binaries/wakeup.o
 .note.GNU-stack
                0x0000000000000000        0x0 binaries/write.o
 .note.GNU-stack
                0x0000000000000000        0x0 binaries/xdone.o
 .note.GNU-stack
                0x0000000000000000        0x0 binaries/yield.o
 .note.GNU-stack
                0x0000000000000000        0x0 binaries/abs.o
 .note.GNU-stack
                0x0000000000000000        0x0 binaries/atoi.o
 .note.GNU-stack
                0x0000000000000000        0x0 binaries/atol.o
 .note.GNU-stack
                0x0000000000000000        0x0 binaries/bzero.o
 .note.GNU-stack
                0x0000000000000000        0x0 binaries/ctype_.o
 .note.GNU-stack
                0x0000000000000000        0x0 binaries/doprnt.o
 .note.GNU-stack
                0x0000000000000000        0x0 binaries/doscan.o
 .note.GNU-stack
                0x0000000000000000        0x0 binaries/fdoprnt.o
 .note.GNU-stack
                0x0000000000000000        0x0 binaries/fgetc.o
 .note.GNU-stack
                0x0000000000000000        0x0 binaries/fgets.o
 .note.GNU-stack
                0x0000000000000000        0x0 binaries/fprintf.o
 .note.GNU-stack
                0x0000000000000000        0x0 binaries/fputc.o
 .note.GNU-stack
                0x0000000000000000        0x0 binaries/fputs.o
 .note.GNU-stack
                0x0000000000000000        0x0 binaries/fscanf.o
 .note.GNU-stack
                0x0000000000000000        0x0 binaries/getchar.o
 .note.GNU-stack
                0x0000000000000000        0x0 binaries/labs.o
 .note.GNU-stack
                0x0000000000000000        0x0 binaries/memcmp.o
 .note.GNU-stack
                0x0000000000000000        0x0 binaries/memcpy.o
 .note.GNU-stack
                0x0000000000000000        0x0 binaries/memset.o
 .note.GNU-stack
                0x0000000000000000        0x0 binaries/printf.o
 .note.GNU-stack
                0x0000000000000000        0x0 binaries/putchar.o
 .note.GNU-stack
                0x0000000000000000        0x0 binaries/qsort.o
 .note.GNU-stack
                0x0000000000000000        0x0 binaries/rand.o
 .note.GNU-stack
                0x0000000000000000        0x0 binaries/sprintf.o
 .note.GNU-stack
                0x0000000000000000        0x0 binaries/sscanf.o
 .note.GNU-stack
                0x0000000000000000        0x0 binaries/strchr.o
 .note.GNU-stack
                0x0000000000000000        0x0 binaries/strcmp.o
 .note.GNU-stack
                0x0000000000000000        0x0 binaries/strcpy.o
 .note.GNU-stack
                0x0000000000000000        0x0 binaries/strlen.o
 .note.GNU-stack
                0x0000000000000000        0x0 binaries/strncat.o
 .note.GNU-stack
                0x0000000000000000        0x0 binaries/strncmp.o
 .note.GNU-stack
                0x0000000000000000        0x0 binaries/strncpy.o
 .note.GNU-stack
                0x0000000000000000        0x0 binaries/strnlen.o
 .note.GNU-stack
                0x0000000000000000        0x0 binaries/strrchr.o
 .note.GNU-stack
                0x0000000000000000        0x0 binaries/strstr.o
 .note.GNU-stack
                0x0000000000000000        0x0 binaries/ttycontrol.o
 .note.GNU-stack
                0x0000000000000000        0x0 binaries/ttygetc.o
 .note.GNU-stack
                0x0000000000000000        0x0 binaries/ttyhandle_in.o
 .note.GNU-stack
                0x0000000000000000        0x0 binaries/ttyhandle_out.o
 .note.GNU-stack
                0x0000000000000000        0x0 binaries/ttyhandler.o
 .note.GNU-stack
                0x0000000000000000        0x0 binaries/ttyinit.o
 .note.GNU-stack
                0x0000000000000000        0x0 binaries/ttykickout.o
 .note.GNU-stack
                0x0000000000000000        0x0 binaries/ttyputc.o
 .note.GNU-stack
                0x0000000000000000        0x0 binaries/ttyread.o
 .note.GNU-stack
                0x0000000000000000        0x0 binaries/ttywrite.o
 .note.GNU-stack
                0x0000000000000000        0x0 binaries/mount.o
 .note.GNU-stack
                0x0000000000000000        0x0 binaries/naminit.o
 .note.GNU-stack
                0x0000000000000000        0x0 binaries/nammap.o
 .note.GNU-stack
                0x0000000000000000        0x0 binaries/namopen.o
 .note.GNU-stack
                0x0000000000000000        0x0 binaries/ethcontrol.o
 .note.GNU-stack
                0x0000000000000000        0x0 binaries/ethhandler.o
 .note.GNU-stack
                0x0000000000000000        0x0 binaries/ethinit.o
 .note.GNU-stack
                0x0000000000000000        0x0 binaries/ethmcast.o
 .note.GNU-stack
                0x0000000000000000        0x0 binaries/ethread.o
 .note.GNU-stack
                0x0000000000000000        0x0 binaries/ethwrite.o
 .note.GNU-stack
                0x0000000000000000        0x0 binaries/rdscomm.o
 .note.GNU-stack
                0x0000000000000000        0x0 binaries/rdscontrol.o
 .note.GNU-stack
                0x0000000000000000        0x0 binaries/rdsinit.o
 .note.GNU-stack
                0x0000000000000000        0x0 binaries/rdsopen.o
 .note.GNU-stack
                0x0000000000000000        0x0 binaries/rdsprocess.o
 .note.GNU-stack
                0x0000000000000000        0x0 binaries/rdsqfcns.o
 .note.GNU-stack
                0x0000000000000000        0x0 binaries/rdsread.o
 .note.GNU-stack
                0x0000000000000000        0x0 binaries/rdssetprio.o
 .note.GNU-stack
                0x0000000000000000        0x0 binaries/rdswrite.o
 .note.GNU-stack
                0x0000000000000000        0x0 binaries/ramclose.o
 .note.GNU-stack
                0x0000000000000000        0x0 binaries/raminit.o
 .note.GNU-stack
                0x0000000000000000        0x0 binaries/ramopen.o
 .note.GNU-stack
                0x0000000000000000        0x0 binaries/ramread.o
 .note.GNU-stack
                0x0000000000000000        0x0 binaries/ramwrite.o
 .note.GNU-stack
                0x0000000000000000        0x0 binaries/lfdballoc.o
 .note.GNU-stack
                0x0000000000000000        0x0 binaries/lfdbfree.o
 .note.GNU-stack
                0x0000000000000000        0x0 binaries/lfflush.o
 .note.GNU-stack
                0x0000000000000000        0x0 binaries/lfgetmode.o
 .note.GNU-stack
                0x0000000000000000        0x0 binaries/lfiballoc.o
 .note.GNU-stack
                0x0000000000000000        0x0 binaries/lfibclear.o
 .note.GNU-stack
                0x0000000000000000        0x0 binaries/lfibget.o
 .note.GNU-stack
                0x0000000000000000        0x0 binaries/lfibput.o
 .note.GNU-stack
                0x0000000000000000        0x0 binaries/lflclose.o
 .note.GNU-stack
                0x0000000000000000        0x0 binaries/lflcontrol.o
 .note.GNU-stack
                0x0000000000000000        0x0 binaries/lflgetc.o
 .note.GNU-stack
                0x0000000000000000        0x0 binaries/lflinit.o
 .note.GNU-stack
                0x0000000000000000        0x0 binaries/lflputc.o
 .note.GNU-stack
                0x0000000000000000        0x0 binaries/lflread.o
 .note.GNU-stack
                0x0000000000000000        0x0 binaries/lflseek.o
 .note.GNU-stack
                0x0000000000000000        0x0 binaries/lflwrite.o
 .note.GNU-stack
                0x0000000000000000        0x0 binaries/lfscheck.o
 .note.GNU-stack
                0x0000000000000000        0x0 binaries/lfsckfmt.o
 .note.GNU-stack
                0x0000000000000000        0x0 binaries/lfscreate.o
 .note.GNU-stack
                0x0000000000000000        0x0 binaries/lfsetup.o
 .note.GNU-stack
                0x0000000000000000        0x0 binaries/lfsinit.o
 .note.GNU-stack
                0x0000000000000000        0x0 binaries/lfsopen.o
 .note.GNU-stack
                0x0000000000000000        0x0 binaries/lftruncate.o
 .note.GNU-stack
                0x0000000000000000        0x0 binaries/rflclose.o
 .note.GNU-stack
                0x0000000000000000        0x0 binaries/rflgetc.o
 .note.GNU-stack
                0x0000000000000000        0x0 binaries/rflinit.o
 .note.GNU-stack
                0x0000000000000000        0x0 binaries/rflputc.o
 .note.GNU-stack
                0x0000000000000000        0x0 binaries/rflread.o
 .note.GNU-stack
                0x0000000000000000        0x0 binaries/rflseek.o
 .note.GNU-stack
                0x0000000000000000        0x0 binaries/rflwrite.o
 .note.GNU-stack
                0x0000000000000000        0x0 binaries/rfscomm.o
 .note.GNU-stack
                0x0000000000000000        0x0 binaries/rfscontrol.o
 .note.GNU-stack
                0x0000000000000000        0x0 binaries/rfsgetmode.o
 .note.GNU-stack
                0x0000000000000000        0x0 binaries/rfsinit.o
 .note.GNU-stack
                0x0000000000000000        0x0 binaries/rfsndmsg.o
 .note.GNU-stack
                0x0000000000000000        0x0 binaries/rfsopen.o
 .note.GNU-stack
                0x0000000000000000        0x0 binaries/arp.o
 .note.GNU-stack
                0x0000000000000000        0x0 binaries/dhcp.o
 .note.GNU-stack
                0x0000000000000000        0x0 binaries/dns.o
 .note.GNU-stack
                0x0000000000000000        0x0 binaries/dot2ip.o
 .note.GNU-stack
                0x0000000000000000        0x0 binaries/hexdump.o
 .note.GNU-stack
                0x0000000000000000        0x0 binaries/icmp.o
 .note.GNU-stack
                0x0000000000000000        0x0 binaries/ip.o
 .note.GNU-stack
                0x0000000000000000        0x0 binaries/net.o
 .note.GNU-stack
                0x0000000000000000        0x0 binaries/pdump.o
 .note.GNU-stack
                0x0000000000000000        0x0 binaries/tftp.o
 .note.GNU-stack
                0x0000000000000000        0x0 binaries/udp.o
 .note.GNU-stack
                0x0000000000000000        0x0 binaries/addargs.o
 .note.GNU-stack
                0x0000000000000000        0x0 binaries/lexan.o
 .note.GNU-stack
                0x0000000000000000        0x0 binaries/shell.o
 .note.GNU-stack
                0x0000000000000000        0x0 binaries/xsh_argecho.o
 .note.GNU-stack
                0x0000000000000000        0x0 binaries/xsh_arp.o
 .note.GNU-stack
                0x0000000000000000        0x0 binaries/xsh_cat.o
 .note.GNU-stack
                0x0000000000000000        0x0 binaries/xsh_clear.o
 .note.GNU-stack
                0x0000000000000000        0x0 binaries/xsh_date.o
 .note.GNU-stack
                0x0000000000000000        0x0 binaries/xsh_devdump.o
 .note.GNU-stack
                0x0000000000000000        0x0 binaries/xsh_echo.o
 .note.GNU-stack
                0x0000000000000000        0x0 binaries/xsh_exit.o
 .note.GNU-stack
                0x0000000000000000        0x0 binaries/xsh_help.o
 .note.GNU-stack
                0x0000000000000000        0x0 binaries/xsh_kill.o
 .note.GNU-stack
                0x0000000000000000        0x0 binaries/xsh_ls.o
 .note.GNU-stack
                0x0000000000000000        0x0 binaries/xsh_memdump.o
 .note.GNU-stack
                0x0000000000000000        0x0 binaries/xsh_memstat.o
 .note.GNU-stack
                0x0000000000000000        0x0 binaries/xsh_netinfo.o
 .note.GNU-stack
                0x0000000000000000        0x0 binaries/xsh_ns.o
 .note.GNU-stack
                0x0000000000000000        0x0 binaries/xsh_ping.o
 .note.GNU-stack
                0x0000000000000000        0x0 binaries/xsh_ps.o
 .note.GNU-stack
                0x0000000000000000        0x0 binaries/xsh_sleep.o
 .note.GNU-stack
                0x0000000000000000        0x0 binaries/xsh_udpdump.o
 .note.GNU-stack
                0x0000000000000000        0x0 binaries/xsh_udpecho.o
 .note.GNU-stack
                0x0000000000000000        0x0 binaries/xsh_udpserver.o
 .note.GNU-stack
                0x0000000000000000        0x0 binaries/xsh_uptime.o
